// Jest Snapshot v1, https://goo.gl/fbAQLP

exports[`<BookBodyPlaceHolder /> should render and match the snapshot 1`] = `
<React.Fragment>
  <h1>
    📝 チャプターを作成する
  </h1>
  <p>
    1つめのチャプターを作成しましょう。チャプターは
    <code>
      チャプター番号.md
    </code>
    という形式でファイルを作成します。チャプター1は
    <code>
      1.md
    </code>
    、チャプター2は
    <code>
      2.md
    </code>
    …のようになります。
    <br />
    <br />
    <a
      href="https://zenn.dev/zenn/articles/zenn-cli-guide#cliで本（book）を管理する"
      rel="noreferrer noopener"
      target="_blank"
    >
      本の作成について詳しく知る→
    </a>
  </p>
</React.Fragment>
`;
