// Jest Snapshot v1, https://goo.gl/fbAQLP

exports[`<BookHeader/> should render and match the snapshot 1`] = `
<header
  className="content-header"
>
  <Unknown>
    <h1
      className="content-header__title"
    >
      test book
    </h1>
    <div
      className="content-header__row"
    >
      <span
        className="content-header__row-title"
      >
        slug
      </span>
      <span
        className="content-header__row-result"
      >
         
        dummy-book-test
      </span>
    </div>
    <div
      className="content-header__row"
    >
      <span
        className="content-header__row-title"
      >
        summary
      </span>
      <span
        className="content-header__row-result"
        style={
          Object {
            "whiteSpace": "pre-line",
          }
        }
      >
        OK
OK
OK
      </span>
    </div>
    <div
      className="content-header__row"
    >
      <span
        className="content-header__row-title"
      >
        topics
      </span>
      <span
        className="content-header__row-result"
      >
        <span
          className="content-header__topic"
        >
          zenn
        </span>
      </span>
    </div>
    <div
      className="content-header__row"
    >
      <span
        className="content-header__row-title"
      >
        published
      </span>
      <span
        className="content-header__row-result"
      >
        false（下書き）
      </span>
    </div>
    <div
      className="content-header__row"
    >
      <span
        className="content-header__row-title"
      >
        price
      </span>
      <span
        className="content-header__row-result"
      >
        100
        
      </span>
    </div>
    <div>
      <div
        className="content-header__error-title"
      >
        2
        件の修正が必要です
      </div>
      <Unknown
        errorMessage={
          Object {
            "isCritical": true,
            "message": "price（本の価格）を有料にする場合、200〜5000の間で指定してください",
          }
        }
      />
      <Unknown
        errorMessage={
          Object {
            "isCritical": false,
            "message": "本のカバー画像（cover.pngもしくはcover.jpg）を「/books/dummy-book-test」ディレクトリ内に配置してください",
          }
        }
      />
    </div>
    <a
      className="content-header__link"
      href="https://zenn.dev/zenn/articles/zenn-cli-guide#cliで本（book）を管理する"
      rel="noopener noreferrer"
      target="_blank"
    >
      本の作成方法 →
    </a>
  </Unknown>
</header>
`;
