// Jest Snapshot v1, https://goo.gl/fbAQLP

exports[`<ChapterList /> should render and match the snapshot 1`] = `
<div>
  <ol>
    <li
      className="chapter-list-item"
    >
      <Link
        as="/books/dummy_book_slug_name/test-chapter-dummy.md"
        href="/books/[book_slug]/[chapter_filename]"
        passHref={true}
      >
        <a
          className="chapter-list-link"
        >
          <span
            className="chapter-list-title"
          >
            dummy chapter
          </span>
          <span
            className="chapter-list-filename"
          >
            （
            test-chapter-dummy.md
            ）
          </span>
        </a>
      </Link>
    </li>
  </ol>
</div>
`;
