// Jest Snapshot v1, https://goo.gl/fbAQLP

exports[`<ContentWrapper/> should render and match the snapshot 1`] = `
<div
  className="content-wrapper"
>
  <div />
</div>
`;
