// Jest Snapshot v1, https://goo.gl/fbAQLP

exports[`<ErrorRow /> should render and match the snapshot 1`] = `
<div
  className="error-row error-row--critical"
  dangerouslySetInnerHTML={
    Object {
      "__html": "dummy Error!",
    }
  }
/>
`;
