// Jest Snapshot v1, https://goo.gl/fbAQLP

exports[`<SideBar /> should render and match the snapshot 1`] = `
<aside
  className="sidebar"
>
  <SidebarHeader />
  <div
    className="sidebar-collections"
  >
    <SideBarNavCollection
      navCollection={
        Object {
          "items": Array [
            Object {
              "href": "",
              "name": "test-navigation",
            },
          ],
          "name": "test-navigations",
        }
      }
    />
  </div>
  <a
    className="sidebar-external-link"
    href="https://zenn.dev/dashboard/uploader"
    rel="noopener noreferrer"
    target="_blank"
  >
    <img
      height="16"
      src="https://twemoji.maxcdn.com/2/svg/\\\\1f4f7.svg"
      width="16"
    />
    画像のアップロード
  </a>
  <a
    className="sidebar-external-link"
    href="https://zenn.dev/zenn/articles/markdown-guide"
    rel="noopener noreferrer"
    target="_blank"
  >
    <img
      height="16"
      src="https://twemoji.maxcdn.com/2/svg/\\\\1f58b.svg"
      width="16"
    />
    マークダウン・ガイド
  </a>
  <a
    className="sidebar-external-link"
    href="https://zenn.dev/zenn/articles/zenn-cli-guide"
    rel="noopener noreferrer"
    target="_blank"
  >
    <img
      height="16"
      src="https://twemoji.maxcdn.com/2/svg/\\\\1f4bb.svg"
      width="16"
    />
    CLIコマンド・ガイド
  </a>
</aside>
`;
